../Core/Src/main.c:90:6:CheckHisteresis	8	static
../Core/Src/main.c:119:6:HAL_TIM_PeriodElapsedCallback	16	static
../Core/Src/main.c:158:6:HAL_GPIO_EXTI_Callback	48	static
../Core/Src/main.c:303:6:DisplayDay	8	static
../Core/Src/main.c:308:6:DisplayDayInMenu	8	static
../Core/Src/main.c:313:6:DisplayHourInMenu	8	static
../Core/Src/main.c:321:6:DisplayModeInMenu	8	static
../Core/Src/main.c:334:6:DisplayTime	8	static
../Core/Src/main.c:356:6:DisplayCurrentTemp	16	static
../Core/Src/main.c:365:6:DisplayBoilerState	8	static
../Core/Src/main.c:378:6:DisplayWorkState	16	static
../Core/Src/main.c:419:5:main	64	static
../Core/Src/main.c:603:6:SystemClock_Config	96	static
../Core/Src/main.c:664:6:Error_Handler	4	static,ignoring_inline_asm
